           1
         7   2
      13   8   3
    19  14   9   4
  25  20  15  10   5
31  26  21  16  11   6
  32  27  22  17  12
    33  28  23  18
      34  29  24
        35  30
          36